---
source: crates/brokkr-cli/src/tui/snapshot_tests.rs
---
"┌runs──────────────────────────────────────────────────────────────────────────┐"
"│id                       status    phase        seq    age      feature       │"
"│run-7                    running   design       18     6m58s    one derivation│"
"│run-old                  running   design       18     7m03s    an older featu│"
"│run-unfoldable           ?         -            -      —        a run whose jo│"
"│                                                                              │"
"│                                                                              │"
"│                                                                              │"
"│                                                                              │"
"│                                                                              │"
"│                                                                              │"
"│                                                                              │"
"│                                                                              │"
"│                                                                              │"
"│                                                                              │"
"│                                                                              │"
"│                                                                              │"
"└──────────────────────────────────────────────────────────────────────────────┘"
"runs                                                                            "
"↑↓/jk move · Enter open run · g/G top/bottom · / filter · r refresh · ? help · q"
