---
source: crates/brokkr-cli/src/tui/snapshot_tests.rs
---
"┌runs─────────────────────────────────────────────────────────────────────────────────────────────────────────────────────────────┐┌dashboard────────────────────────────────────────────────────────────────────────────────────────────────────────────────────────┐┌live · reviewer────────────────────────────────────────────────────────────────────────────────────────────────┐"
"│needs you                                                                                                                        ││#403 macOS fix, round 9: PR #483's test (macos-latest) job fails four protocol tests                                             ││2026-01-01T00:04:30Z  reviewer · turn 4 · Read · crates/brokkr-protocol/src/process.rs                         │"
"│! stale                               LANDING PR #420: the fleet lists who must act first                  168h07m landi…9d8c7b6a││fix-403-on-macos-round-9-3c1f9a02                                                                                                ││2026-01-01T00:04:10Z  reviewer · turn 3 · Bash · —                                                             │"
"│                                      stale: no event since 116h07m; resume or conclude                                          ││running · review · 7m03s                                                                                                         ││2026-01-01T00:03:40Z  reviewer · turn 2 · Grep · crates/brokkr-protocol/src                                    │"
"│? quarantined does not fold           A journal that does not fold                                         7m03s   journ…7f8e9d0c││                                                                                                                                 ││2026-01-01T00:03:20Z  reviewer · turn 1 · Read · crates/brokkr-protocol/src/process/tests.rs                   │"
"│                                      quarantined: export and inspect                                                            ││WHERE IT STANDS                                                                                                                  ││                                                                                                               │"
"│● parked      UNVERIFIED-SE… high     #362 cargo exemption                                                 7m03s   cargo…5b6c7d8e││verdict   — · residual none                                                                                                      ││                                                                                                               │"
"│running                                                                                                                          ││rule      IMPL-OK · normal · implement → review                                                                                  ││                                                                                                               │"
"│◐ review                              #403 macOS fix, round 9: PR #483's test (macos-latest) job fails…    7m03s   fix-4…3c1f9a02││at work   seat reviewer · attempt 2                                                                                              ││                                                                                                               │"
"│◐ triage                              0065 rebuild unit 20                                                 7m03s   0065-…1c2d3e4f││seat      reviewer · failed · result —                                                                                           ││                                                                                                               │"
"│last 24h                                                                                                                         ││notes                                                                                                                            ││                                                                                                               │"
"│✓ shipped     COMPLETE                Landing 5 of the fleet view                                          7m03s   landi…6e7f8a9b││the attempt timed out                                                                                                            ││                                                                                                               │"
"│✓ shipped     COMPLETE       low      Landing 4 of the fleet view                                          7m03s   landi…2a3b4c5d││                                                                                                                                 ││                                                                                                               │"
"│✗ stopped     FAIL-EXHAUSTED          0065 rebuild unit 19                                                 7m03s   0065-…8c9d0e1f││GRAPH                                                                                                                            ││                                                                                                               │"
"│older                                                                                                                            ││                 ╭────────────╮                                                                                                  ││                                                                                                               │"
"│✗ stopped     BLOCKED                 Unit 18 of the rebuild: the smith hit a permission wall              48h00m  unit-…4e5f6a7b││   ⏺ implementer─┼ᐳ∙ reviewer │                                                                                                  ││                                                                                                               │"
"│✓ shipped     COMPLETE                Landing 2 of the fleet view                                          48h00m  landi…0a1b2c3d││     implement   │  review    │                                                                                                  ││                                                                                                               │"
"│                                                                                                                                 ││                 ╰────────────╯                                                                                                  ││                                                                                                               │"
"│                                                                                                                                 ││                                                                                                                                 ││                                                                                                               │"
"│                                                                                                                                 ││WAY OUT                                                                                                                          ││                                                                                                               │"
"│                                                                                                                                 ││—                                                                                                                                ││                                                                                                               │"
"│                                                                                                                                 ││                                                                                                                                 ││                                                                                                               │"
"│                                                                                                                                 ││COMMISSION                                                                                                                       ││                                                                                                               │"
"│                                                                                                                                 ││#403 macOS fix, round 9: PR #483's test (macos-latest) job fails four protocol tests                                             ││                                                                                                               │"
"│                                                                                                                                 ││                                                                                                                                 ││                                                                                                               │"
"│                                                                                                                                 ││The runner's temporary directory is a symlink.                                                                                   ││                                                                                                               │"
"│                                                                                                                                 ││                                                                                                                                 ││                                                                                                               │"
"│                                                                                                                                 ││                                                                                                                                 ││                                                                                                               │"
"│                                                                                                                                 ││                                                                                                                                 ││                                                                                                               │"
"│                                                                                                                                 ││                                                                                                                                 ││                                                                                                               │"
"│                                                                                                                                 ││                                                                                                                                 ││                                                                                                               │"
"│                                                                                                                                 ││                                                                                                                                 ││                                                                                                               │"
"│                                                                                                                                 ││                                                                                                                                 ││                                                                                                               │"
"│                                                                                                                                 ││                                                                                                                                 ││                                                                                                               │"
"│                                                                                                                                 ││                                                                                                                                 ││                                                                                                               │"
"│                                                                                                                                 ││                                                                                                                                 ││                                                                                                               │"
"│                                                                                                                                 ││                                                                                                                                 ││                                                                                                               │"
"│                                                                                                                                 ││                                                                                                                                 ││                                                                                                               │"
"│                                                                                                                                 ││                                                                                                                                 ││                                                                                                               │"
"│                                                                                                                                 ││                                                                                                                                 ││                                                                                                               │"
"│                                                                                                                                 ││                                                                                                                                 ││                                                                                                               │"
"│                                                                                                                                 ││                                                                                                                                 ││                                                                                                               │"
"│                                                                                                                                 ││                                                                                                                                 ││                                                                                                               │"
"│                                                                                                                                 ││                                                                                                                                 ││                                                                                                               │"
"│                                                                                                                                 ││                                                                                                                                 ││                                                                                                               │"
"│                                                                                                                                 ││                                                                                                                                 ││                                                                                                               │"
"│                                                                                                                                 ││                                                                                                                                 ││                                                                                                               │"
"│                                                                                                                                 ││                                                                                                                                 ││                                                                                                               │"
"│                                                                                                                                 ││                                                                                                                                 ││                                                                                                               │"
"│                                                                                                                                 ││                                                                                                                                 ││                                                                                                               │"
"│                                                                                                                                 ││                                                                                                                                 ││                                                                                                               │"
"│                                                                                                                                 ││                                                                                                                                 ││                                                                                                               │"
"│                                                                                                                                 ││                                                                                                                                 ││                                                                                                               │"
"│                                                                                                                                 ││                                                                                                                                 ││                                                                                                               │"
"│                                                                                                                                 ││                                                                                                                                 ││                                                                                                               │"
"│                                                                                                                                 ││                                                                                                                                 ││                                                                                                               │"
"│                                                                                                                                 ││                                                                                                                                 ││                                                                                                               │"
"│                                                                                                                                 ││                                                                                                                                 ││                                                                                                               │"
"│                                                                                                                                 ││                                                                                                                                 ││                                                                                                               │"
"│                                                                                                                                 ││                                                                                                                                 ││                                                                                                               │"
"│                                                                                                                                 ││                                                                                                                                 ││                                                                                                               │"
"│                                                                                                                                 ││                                                                                                                                 ││                                                                                                               │"
"│                                                                                                                                 ││                                                                                                                                 ││                                                                                                               │"
"│                                                                                                                                 ││                                                                                                                                 ││                                                                                                               │"
"│                                                                                                                                 ││                                                                                                                                 ││                                                                                                               │"
"│                                                                                                                                 ││                                                                                                                                 ││                                                                                                               │"
"│                                                                                                                                 ││                                                                                                                                 ││                                                                                                               │"
"│                                                                                                                                 ││                                                                                                                                 ││                                                                                                               │"
"│                                                                                                                                 ││                                                                                                                                 ││                                                                                                               │"
"│                                                                                                                                 ││                                                                                                                                 ││                                                                                                               │"
"│                                                                                                                                 ││                                                                                                                                 ││                                                                                                               │"
"│                                                                                                                                 ││                                                                                                                                 ││                                                                                                               │"
"│                                                                                                                                 ││                                                                                                                                 ││                                                                                                               │"
"│                                                                                                                                 ││                                                                                                                                 ││                                                                                                               │"
"│                                                                                                                                 ││                                                                                                                                 ││                                                                                                               │"
"│                                                                                                                                 ││                                                                                                                                 ││                                                                                                               │"
"│                                                                                                                                 ││                                                                                                                                 ││                                                                                                               │"
"│                                                                                                                                 ││                                                                                                                                 ││                                                                                                               │"
"│                                                                                                                                 ││                                                                                                                                 ││                                                                                                               │"
"│                                                                                                                                 ││                                                                                                                                 ││                                                                                                               │"
"│                                                                                                                                 ││                                                                                                                                 ││                                                                                                               │"
"│                                                                                                                                 ││                                                                                                                                 ││                                                                                                               │"
"│                                                                                                                                 ││                                                                                                                                 ││                                                                                                               │"
"│                                                                                                                                 ││                                                                                                                                 ││                                                                                                               │"
"│                                                                                                                                 ││                                                                                                                                 ││                                                                                                               │"
"└─────────────────────────────────────────────────────────────────────────────────────────────────────────────────────────────────┘└─────────────────────────────────────────────────────────────────────────────────────────────────────────────────────────────────┘└───────────────────────────────────────────────────────────────────────────────────────────────────────────────┘"
"runs                                                                                                                                                                                                                                                                                                                                                                                   "
"↑↓/jk move · Enter open run · → expand · Tab dashboard · d hide dashboard · f hide live · c commission · a all runs · g/G top/bottom · / filter · r refresh · ? help · q quit                                                                                                                                                                                                          "
