---
source: crates/brokkr-cli/src/tui/snapshot_tests.rs
---
"┌runs─────────────────────────────────────────────────────────────────────────────────────────────────────────────────────────────┐┌dashboard────────────────────────────────────────────────────────────────────────────────────────────────────────────────────────┐┌findings · reviewer────────────────────────────────────────────────────────────────────────────────────────────┐"
"│needs you                                                                                                                        ││#362 cargo exemption                                                                                                             ││reviewer · succeeded · result clean                                                                            │"
"│! stale                               LANDING PR #420: the fleet lists who must act first                  168h07m landi…9d8c7b6a││cargo-exemption-hold-5b6c7d8e                                                                                                    ││cargo-exemption-hold-5b6c7d8e seq 40 · review · max_residual_severity: high                                    │"
"│                                      stale: no event since 116h07m; resume or conclude                                          ││parked · review · 7m03s                                                                                                          ││                                                                                                               │"
"│? quarantined does not fold           A journal that does not fold                                         7m03s   journ…7f8e9d0c││                                                                                                                                 ││correctness (clean): The narrowing itself is right: the exemption now names one crate at one version instead of│"
"│                                      quarantined: export and inspect                                                            ││WHAT IT NEEDS                                                                                                                    ││the wildcard it replaced, and the deny job fails on any other. One nit: the comment above the exemption still  │"
"│● parked      UNVERIFIED-SE… high     #362 cargo exemption                                                 7m03s   cargo…5b6c7d8e││verdict   UNVERIFIED-SE… · residual high                                                                                         ││says 'temporary' without naming the issue that removes it.                                                     │"
"│running                                                                                                                          ││rule      REVIEW-UNVERIFIED-SECURITY · normal · review → —                                                                       ││security (unverified): Could not verify the audit the implementer cited. The exemption in deny.toml names the  │"
"│◐ review                              #403 macOS fix, round 9: PR #483's test (macos-latest) job fails…    7m03s   fix-4…3c1f9a02││reason    the reviewer could not verify the audit the implementer cited                                                          ││crate and the advisory, but the audit link in the commit message points at a gist that no longer resolves, and │"
"│◐ triage                              0065 rebuild unit 20                                                 7m03s   0065-…1c2d3e4f││seat      reviewer · succeeded · result clean                                                                                    ││the licence the crate ships under (a custom one) is not on the allow list. Until someone reads that licence and│"
"│last 24h                                                                                                                         ││notes     3 of 9 lines · Enter reads them all                                                                                    ││records the reading beside the exemption, the exemption lets cargo deny pass a crate whose terms nobody here   │"
"│✓ shipped     COMPLETE                Landing 5 of the fleet view                                          7m03s   landi…6e7f8a9b││correctness (clean): The narrowing itself is right: the exemption now names one crate at one version instead of the wildcard it  ││has read.                                                                                                      │"
"│✓ shipped     COMPLETE       low      Landing 4 of the fleet view                                          7m03s   landi…2a3b4c5d││replaced, and the deny job fails on any other. One nit: the comment above the exemption still says 'temporary' without naming the││Residual: high, security. Suggested: attach the audit under docs/audits/, name its reader, and scope the       │"
"│✗ stopped     FAIL-EXHAUSTED          0065 rebuild unit 19                                                 7m03s   0065-…8c9d0e1f││issue that removes it.                                                                                                           ││exemption to the exact version.                                                                                │"
"│older                                                                                                                            ││cargo-exemption-hold-5b6c7d8e seq 40 · review · max_residual_severity: high                                                      ││                                                                                                               │"
"│✗ stopped     BLOCKED                 Unit 18 of the rebuild: the smith hit a permission wall              48h00m  unit-…4e5f6a7b││                                                                                                                                 ││                                                                                                               │"
"│✓ shipped     COMPLETE                Landing 2 of the fleet view                                          48h00m  landi…0a1b2c3d││PATH                                                                                                                             ││                                                                                                               │"
"│                                                                                                                                 ││intake ✓ 40s (claude-opus-5-5) → implement ✓ 2m30s (gpt-6.1-sol) → verify ✓ 45s (claude-sonnet-5-5) → review ● high 2m35s        ││                                                                                                               │"
"│                                                                                                                                 ││(claude-fable-5-1)                                                                                                               ││                                                                                                               │"
"│                                                                                                                                 ││                                                                                                                                 ││                                                                                                               │"
"│                                                                                                                                 ││SEATS                                                                                                                            ││                                                                                                               │"
"│                                                                                                                                 ││intake · claude-opus-5-5 · 1 attempt · $0.4200                                                                                   ││                                                                                                               │"
"│                                                                                                                                 ││implementer · gpt-6.1-sol · 1 attempt · 853k tok                                                                                 ││                                                                                                               │"
"│                                                                                                                                 ││verifier · claude-sonnet-5-5 · 1 attempt · $0.1100                                                                               ││                                                                                                               │"
"│                                                                                                                                 ││reviewer · claude-fable-5-1 · 1 attempt · $1.2500                                                                                ││                                                                                                               │"
"│                                                                                                                                 ││                                                                                                                                 ││                                                                                                               │"
"│                                                                                                                                 ││WAY OUT                                                                                                                          ││                                                                                                               │"
"│                                                                                                                                 ││—                                                                                                                                ││                                                                                                               │"
"│                                                                                                                                 ││                                                                                                                                 ││                                                                                                               │"
"│                                                                                                                                 ││COMMISSION                                                                                                                       ││                                                                                                               │"
"│                                                                                                                                 ││#362 cargo exemption                                                                                                             ││                                                                                                               │"
"│                                                                                                                                 ││                                                                                                                                 ││                                                                                                               │"
"│                                                                                                                                 ││The review held the change on an unverified security residual: the exemption lets cargo deny pass a crate whose licence nobody   ││                                                                                                               │"
"│                                                                                                                                 ││… 6 more lines · c shows them                                                                                                    ││                                                                                                               │"
"│                                                                                                                                 ││                                                                                                                                 ││                                                                                                               │"
"│                                                                                                                                 ││                                                                                                                                 ││                                                                                                               │"
"│                                                                                                                                 ││                                                                                                                                 ││                                                                                                               │"
"│                                                                                                                                 ││                                                                                                                                 ││                                                                                                               │"
"│                                                                                                                                 ││                                                                                                                                 ││                                                                                                               │"
"│                                                                                                                                 ││                                                                                                                                 ││                                                                                                               │"
"│                                                                                                                                 ││                                                                                                                                 ││                                                                                                               │"
"│                                                                                                                                 ││                                                                                                                                 ││                                                                                                               │"
"│                                                                                                                                 ││                                                                                                                                 ││                                                                                                               │"
"│                                                                                                                                 ││                                                                                                                                 ││                                                                                                               │"
"│                                                                                                                                 ││                                                                                                                                 ││                                                                                                               │"
"│                                                                                                                                 ││                                                                                                                                 ││                                                                                                               │"
"│                                                                                                                                 ││                                                                                                                                 ││                                                                                                               │"
"│                                                                                                                                 ││                                                                                                                                 ││                                                                                                               │"
"│                                                                                                                                 ││                                                                                                                                 ││                                                                                                               │"
"│                                                                                                                                 ││                                                                                                                                 ││                                                                                                               │"
"│                                                                                                                                 ││                                                                                                                                 ││                                                                                                               │"
"│                                                                                                                                 ││                                                                                                                                 ││                                                                                                               │"
"│                                                                                                                                 ││                                                                                                                                 ││                                                                                                               │"
"│                                                                                                                                 ││                                                                                                                                 ││                                                                                                               │"
"│                                                                                                                                 ││                                                                                                                                 ││                                                                                                               │"
"│                                                                                                                                 ││                                                                                                                                 ││                                                                                                               │"
"│                                                                                                                                 ││                                                                                                                                 ││                                                                                                               │"
"│                                                                                                                                 ││                                                                                                                                 ││                                                                                                               │"
"│                                                                                                                                 ││                                                                                                                                 ││                                                                                                               │"
"│                                                                                                                                 ││                                                                                                                                 ││                                                                                                               │"
"│                                                                                                                                 ││                                                                                                                                 ││                                                                                                               │"
"│                                                                                                                                 ││                                                                                                                                 ││                                                                                                               │"
"│                                                                                                                                 ││                                                                                                                                 ││                                                                                                               │"
"│                                                                                                                                 ││                                                                                                                                 ││                                                                                                               │"
"│                                                                                                                                 ││                                                                                                                                 ││                                                                                                               │"
"│                                                                                                                                 ││                                                                                                                                 ││                                                                                                               │"
"│                                                                                                                                 ││                                                                                                                                 ││                                                                                                               │"
"│                                                                                                                                 ││                                                                                                                                 ││                                                                                                               │"
"│                                                                                                                                 ││                                                                                                                                 ││                                                                                                               │"
"│                                                                                                                                 ││                                                                                                                                 ││                                                                                                               │"
"│                                                                                                                                 ││                                                                                                                                 ││                                                                                                               │"
"│                                                                                                                                 ││                                                                                                                                 ││                                                                                                               │"
"│                                                                                                                                 ││                                                                                                                                 ││                                                                                                               │"
"│                                                                                                                                 ││                                                                                                                                 ││                                                                                                               │"
"│                                                                                                                                 ││                                                                                                                                 ││                                                                                                               │"
"│                                                                                                                                 ││                                                                                                                                 ││                                                                                                               │"
"│                                                                                                                                 ││                                                                                                                                 ││                                                                                                               │"
"│                                                                                                                                 ││                                                                                                                                 ││                                                                                                               │"
"│                                                                                                                                 ││                                                                                                                                 ││                                                                                                               │"
"│                                                                                                                                 ││                                                                                                                                 ││                                                                                                               │"
"│                                                                                                                                 ││                                                                                                                                 ││                                                                                                               │"
"│                                                                                                                                 ││                                                                                                                                 ││                                                                                                               │"
"│                                                                                                                                 ││                                                                                                                                 ││                                                                                                               │"
"│                                                                                                                                 ││                                                                                                                                 ││                                                                                                               │"
"│                                                                                                                                 ││                                                                                                                                 ││                                                                                                               │"
"└─────────────────────────────────────────────────────────────────────────────────────────────────────────────────────────────────┘└─────────────────────────────────────────────────────────────────────────────────────────────────────────────────────────────────┘└───────────────────────────────────────────────────────────────────────────────────────────────────────────────┘"
"runs                                                                                                                                                                                                                                                                                                                                                                                   "
"↑↓/jk move · Enter open run · Tab dashboard · d hide dashboard · f hide findings · c commission · a all runs · g/G top/bottom · / filter · r refresh · ? help · q quit                                                                                                                                                                                                                 "
