---
source: crates/brokkr-cli/src/tui/snapshot_tests.rs
---
"┌runs─────────────────────────────────────────────────────────────────────────────────────────────────────────────────────┐┌#362 cargo exemption───────────────────────────────────────────────────────────────────────────────────────────────────────────────────────────────────────────────────────────────────────────────┐"
"│needs you                                                                                                                ││cargo-exemption-hold-5b6c7d8e                                                                                                                                                                      │"
"│? quarantined does not fold           A journal that does not fold                                 7m03s   journ…7f8e9d0c││parked · review · 7m03s                                                                                                                                                                            │"
"│● parked      UNVERIFIED-SE… high     #362 cargo exemption                                         7m03s   cargo…5b6c7d8e││                                                                                                                                                                                                   │"
"│running                                                                                                                  ││verdict   UNVERIFIED-SE…                                                                                                                                                                           │"
"│▶ review                              #403 macOS fix, round 9: PR #483's test (macos-latest) job…  7m03s   fix-4…3c1f9a02││rule      REVIEW-UNVERIFIED-SECURITY                                                                                                                                                               │"
"│▶ triage                              0065 rebuild unit 20                                         7m03s   0065-…1c2d3e4f││residual  high                                                                                                                                                                                     │"
"│last 24h                                                                                                                 ││parked    REVIEW-UNVERIFIED-SECURITY for (review, clean)                                                                                                                                           │"
"│✓ shipped     COMPLETE                Landing 5 of the fleet view                                  7m03s   landi…6e7f8a9b││cargo-exemption-hold-5b6c7d8e seq 40 · review · max_residual_severity: high                                                                                                                        │"
"│✓ shipped     COMPLETE       low      Landing 4 of the fleet view                                  7m03s   landi…2a3b4c5d││                                                                                                                                                                                                   │"
"│✗ stopped     FAIL-EXHAUSTED          0065 rebuild unit 19                                         7m03s   0065-…8c9d0e1f││#362 cargo exemption                                                                                                                                                                               │"
"│older                                 2 hidden · a shows them                                                            ││                                                                                                                                                                                                   │"
"│                                                                                                                         ││The review held the change on an unverified security residual: the exemption lets cargo deny pass a                                                                                                │"
"│                                                                                                                         ││crate whose licence nobody read, and the reviewer could not verify the audit the implementer cited.                                                                                                │"
"│                                                                                                                         ││                                                                                                                                                                                                   │"
"│                                                                                                                         ││What was asked:                                                                                                                                                                                    │"
"│                                                                                                                         ││- keep the exemption narrow                                                                                                                                                                        │"
"│                                                                                                                         ││- cite the audit                                                                                                                                                                                   │"
"│                                                                                                                         ││- name the follow-up                                                                                                                                                                               │"
"│                                                                                                                         ││                                                                                                                                                                                                   │"
"│                                                                                                                         ││                                                                                                                                                                                                   │"
"│                                                                                                                         ││                                                                                                                                                                                                   │"
"│                                                                                                                         ││                                                                                                                                                                                                   │"
"│                                                                                                                         ││                                                                                                                                                                                                   │"
"│                                                                                                                         ││                                                                                                                                                                                                   │"
"│                                                                                                                         ││                                                                                                                                                                                                   │"
"│                                                                                                                         ││                                                                                                                                                                                                   │"
"│                                                                                                                         ││                                                                                                                                                                                                   │"
"│                                                                                                                         ││                                                                                                                                                                                                   │"
"│                                                                                                                         ││                                                                                                                                                                                                   │"
"│                                                                                                                         ││                                                                                                                                                                                                   │"
"│                                                                                                                         ││                                                                                                                                                                                                   │"
"│                                                                                                                         ││                                                                                                                                                                                                   │"
"│                                                                                                                         ││                                                                                                                                                                                                   │"
"│                                                                                                                         ││                                                                                                                                                                                                   │"
"│                                                                                                                         ││                                                                                                                                                                                                   │"
"│                                                                                                                         ││                                                                                                                                                                                                   │"
"│                                                                                                                         ││                                                                                                                                                                                                   │"
"│                                                                                                                         ││                                                                                                                                                                                                   │"
"│                                                                                                                         ││                                                                                                                                                                                                   │"
"│                                                                                                                         ││                                                                                                                                                                                                   │"
"│                                                                                                                         ││                                                                                                                                                                                                   │"
"│                                                                                                                         ││                                                                                                                                                                                                   │"
"│                                                                                                                         ││                                                                                                                                                                                                   │"
"│                                                                                                                         ││                                                                                                                                                                                                   │"
"│                                                                                                                         ││                                                                                                                                                                                                   │"
"│                                                                                                                         ││                                                                                                                                                                                                   │"
"│                                                                                                                         ││                                                                                                                                                                                                   │"
"│                                                                                                                         ││                                                                                                                                                                                                   │"
"│                                                                                                                         ││                                                                                                                                                                                                   │"
"│                                                                                                                         ││                                                                                                                                                                                                   │"
"│                                                                                                                         ││                                                                                                                                                                                                   │"
"│                                                                                                                         ││                                                                                                                                                                                                   │"
"│                                                                                                                         ││                                                                                                                                                                                                   │"
"│                                                                                                                         ││                                                                                                                                                                                                   │"
"│                                                                                                                         ││                                                                                                                                                                                                   │"
"│                                                                                                                         ││                                                                                                                                                                                                   │"
"│                                                                                                                         ││                                                                                                                                                                                                   │"
"│                                                                                                                         ││                                                                                                                                                                                                   │"
"│                                                                                                                         ││                                                                                                                                                                                                   │"
"│                                                                                                                         ││                                                                                                                                                                                                   │"
"│                                                                                                                         ││                                                                                                                                                                                                   │"
"│                                                                                                                         ││                                                                                                                                                                                                   │"
"│                                                                                                                         ││                                                                                                                                                                                                   │"
"│                                                                                                                         ││                                                                                                                                                                                                   │"
"│                                                                                                                         ││                                                                                                                                                                                                   │"
"│                                                                                                                         ││                                                                                                                                                                                                   │"
"│                                                                                                                         ││                                                                                                                                                                                                   │"
"│                                                                                                                         ││                                                                                                                                                                                                   │"
"│                                                                                                                         ││                                                                                                                                                                                                   │"
"│                                                                                                                         ││                                                                                                                                                                                                   │"
"│                                                                                                                         ││                                                                                                                                                                                                   │"
"│                                                                                                                         ││                                                                                                                                                                                                   │"
"│                                                                                                                         ││                                                                                                                                                                                                   │"
"│                                                                                                                         ││                                                                                                                                                                                                   │"
"│                                                                                                                         ││                                                                                                                                                                                                   │"
"│                                                                                                                         ││                                                                                                                                                                                                   │"
"└─────────────────────────────────────────────────────────────────────────────────────────────────────────────────────────┘└───────────────────────────────────────────────────────────────────────────────────────────────────────────────────────────────────────────────────────────────────────────────────────────────────┘"
"runs                                                                                                                                                                                                                                                                                                                            "
"↑↓/jk move · Enter open run · Tab detail · a all runs · g/G top/bottom · / filter · r refresh · ? help · q quit                                                                                                                                                                                                                 "
