---
source: crates/brokkr-cli/src/tui/snapshot_tests.rs
---
"┌runs──────────────────────────────────────────────────────────────────────────┐"
"│needs you                                                                     │"
"│? quarantined does not fold  a run whose journal does  —        run-unfoldable│"
"│running                                                                       │"
"│▶ design                     an older feature          7m03s    run-old       │"
"│                                                                              │"
"│                                                                              │"
"│                                                                              │"
"│                                                                              │"
"│                                                                              │"
"│                                                                              │"
"│                                                                              │"
"│                                                                              │"
"│                                                                              │"
"│                                                                              │"
"│                                                                              │"
"│                                                                              │"
"└──────────────────────────────────────────────────────────────────────────────┘"
"runs                                                                            "
"/old▏ filtering · Enter keep · Esc clear · ⌫ delete                             "
