---
source: crates/brokkr-cli/src/tui/snapshot_tests.rs
---
"┌runs─────────────────────────────────────────────────────────────────────────────────────────────────────────────────────┐┌dashboard───────────────────────────────────────────────────────────────────────────────────────────────┐┌findings─────────────────────────────────────────────────────────────────────────────────┐"
"│needs you                                                                                                                ││#362 cargo exemption                                                                                    ││— the run's journal is not read                                                          │"
"│? quarantined does not fold           A journal that does not fold                                 7m03s   journ…7f8e9d0c││cargo-exemption-hold-5b6c7d8e                                                                           ││                                                                                         │"
"│                                      quarantined: conclude or inspect                                                   ││parked · review · 7m03s                                                                                 ││                                                                                         │"
"│● parked      UNVERIFIED-SE… high     #362 cargo exemption                                         7m03s   cargo…5b6c7d8e││                                                                                                        ││                                                                                         │"
"│running                                                                                                                  ││WHAT IT NEEDS                                                                                           ││                                                                                         │"
"│◐ review                              #403 macOS fix, round 9: PR #483's test (macos-latest) job…  7m03s   fix-4…3c1f9a02││verdict   UNVERIFIED-SE… · residual high                                                                ││                                                                                         │"
"│◐ triage                              0065 rebuild unit 20                                         7m03s   0065-…1c2d3e4f││rule      REVIEW-UNVERIFIED-SECURITY                                                                    ││                                                                                         │"
"│last 24h                                                                                                                 ││reason    REVIEW-UNVERIFIED-SECURITY for (review, clean)                                                ││                                                                                         │"
"│✓ shipped     COMPLETE                Landing 5 of the fleet view                                  7m03s   landi…6e7f8a9b││seat      —                                                                                             ││                                                                                         │"
"│✓ shipped     COMPLETE       low      Landing 4 of the fleet view                                  7m03s   landi…2a3b4c5d││cargo-exemption-hold-5b6c7d8e seq 40 · review · max_residual_severity: high                             ││                                                                                         │"
"│✗ stopped     FAIL-EXHAUSTED          0065 rebuild unit 19                                         7m03s   0065-…8c9d0e1f││                                                                                                        ││                                                                                         │"
"│2 older runs: press a to show                                                                                            ││PATH                                                                                                    ││                                                                                         │"
"│                                                                                                                         ││—                                                                                                       ││                                                                                         │"
"│                                                                                                                         ││                                                                                                        ││                                                                                         │"
"│                                                                                                                         ││SEATS                                                                                                   ││                                                                                         │"
"│                                                                                                                         ││—                                                                                                       ││                                                                                         │"
"│                                                                                                                         ││                                                                                                        ││                                                                                         │"
"│                                                                                                                         ││WAY OUT                                                                                                 ││                                                                                         │"
"│                                                                                                                         ││—                                                                                                       ││                                                                                         │"
"│                                                                                                                         ││                                                                                                        ││                                                                                         │"
"│                                                                                                                         ││COMMISSION                                                                                              ││                                                                                         │"
"│                                                                                                                         ││#362 cargo exemption                                                                                    ││                                                                                         │"
"│                                                                                                                         ││                                                                                                        ││                                                                                         │"
"│                                                                                                                         ││The review held the change on an unverified security residual: the exemption lets cargo deny pass a     ││                                                                                         │"
"│                                                                                                                         ││… 6 more lines · c shows them                                                                           ││                                                                                         │"
"│                                                                                                                         ││                                                                                                        ││                                                                                         │"
"│                                                                                                                         ││                                                                                                        ││                                                                                         │"
"│                                                                                                                         ││                                                                                                        ││                                                                                         │"
"│                                                                                                                         ││                                                                                                        ││                                                                                         │"
"│                                                                                                                         ││                                                                                                        ││                                                                                         │"
"│                                                                                                                         ││                                                                                                        ││                                                                                         │"
"│                                                                                                                         ││                                                                                                        ││                                                                                         │"
"│                                                                                                                         ││                                                                                                        ││                                                                                         │"
"│                                                                                                                         ││                                                                                                        ││                                                                                         │"
"│                                                                                                                         ││                                                                                                        ││                                                                                         │"
"│                                                                                                                         ││                                                                                                        ││                                                                                         │"
"│                                                                                                                         ││                                                                                                        ││                                                                                         │"
"│                                                                                                                         ││                                                                                                        ││                                                                                         │"
"│                                                                                                                         ││                                                                                                        ││                                                                                         │"
"│                                                                                                                         ││                                                                                                        ││                                                                                         │"
"│                                                                                                                         ││                                                                                                        ││                                                                                         │"
"│                                                                                                                         ││                                                                                                        ││                                                                                         │"
"│                                                                                                                         ││                                                                                                        ││                                                                                         │"
"│                                                                                                                         ││                                                                                                        ││                                                                                         │"
"│                                                                                                                         ││                                                                                                        ││                                                                                         │"
"│                                                                                                                         ││                                                                                                        ││                                                                                         │"
"│                                                                                                                         ││                                                                                                        ││                                                                                         │"
"│                                                                                                                         ││                                                                                                        ││                                                                                         │"
"│                                                                                                                         ││                                                                                                        ││                                                                                         │"
"│                                                                                                                         ││                                                                                                        ││                                                                                         │"
"│                                                                                                                         ││                                                                                                        ││                                                                                         │"
"│                                                                                                                         ││                                                                                                        ││                                                                                         │"
"│                                                                                                                         ││                                                                                                        ││                                                                                         │"
"│                                                                                                                         ││                                                                                                        ││                                                                                         │"
"│                                                                                                                         ││                                                                                                        ││                                                                                         │"
"│                                                                                                                         ││                                                                                                        ││                                                                                         │"
"│                                                                                                                         ││                                                                                                        ││                                                                                         │"
"│                                                                                                                         ││                                                                                                        ││                                                                                         │"
"│                                                                                                                         ││                                                                                                        ││                                                                                         │"
"│                                                                                                                         ││                                                                                                        ││                                                                                         │"
"│                                                                                                                         ││                                                                                                        ││                                                                                         │"
"│                                                                                                                         ││                                                                                                        ││                                                                                         │"
"│                                                                                                                         ││                                                                                                        ││                                                                                         │"
"│                                                                                                                         ││                                                                                                        ││                                                                                         │"
"│                                                                                                                         ││                                                                                                        ││                                                                                         │"
"│                                                                                                                         ││                                                                                                        ││                                                                                         │"
"│                                                                                                                         ││                                                                                                        ││                                                                                         │"
"│                                                                                                                         ││                                                                                                        ││                                                                                         │"
"│                                                                                                                         ││                                                                                                        ││                                                                                         │"
"│                                                                                                                         ││                                                                                                        ││                                                                                         │"
"│                                                                                                                         ││                                                                                                        ││                                                                                         │"
"│                                                                                                                         ││                                                                                                        ││                                                                                         │"
"│                                                                                                                         ││                                                                                                        ││                                                                                         │"
"│                                                                                                                         ││                                                                                                        ││                                                                                         │"
"│                                                                                                                         ││                                                                                                        ││                                                                                         │"
"│                                                                                                                         ││                                                                                                        ││                                                                                         │"
"└─────────────────────────────────────────────────────────────────────────────────────────────────────────────────────────┘└────────────────────────────────────────────────────────────────────────────────────────────────────────┘└─────────────────────────────────────────────────────────────────────────────────────────┘"
"runs                                                                                                                                                                                                                                                                                                                            "
"↑↓/jk move · Enter open run · Tab dashboard · d hide dashboard · f hide findings · c commission · a all runs · g/G top/bottom · / filter · r refresh · ? help · q quit                                                                                                                                                          "
