---
source: crates/brokkr-cli/src/tui/snapshot_tests.rs
---
"┌runs──────────────────────────────────────────────────────────────────────────┐"
"│needs you                                                                     │"
"│● parked      —                       a run in one…     7m03s   run-parked    │"
"│running                                                                       │"
"│◐ design                              a run in one…     7m03s   run-running   │"
"│last 24h                                                                      │"
"│■ stopped     by operator             a run in one…     7m03s   run-stopped   │"
"│✓ shipped     OK                      a run in one…     7m03s   run-completed │"
"│                                                                              │"
"│                                                                              │"
"│                                                                              │"
"│                                                                              │"
"│                                                                              │"
"│                                                                              │"
"│                                                                              │"
"│                                                                              │"
"│                                                                              │"
"└──────────────────────────────────────────────────────────────────────────────┘"
"runs                                                                            "
"↑↓/jk move · Enter open run · Tab detail ≥225 · a all runs · / filter · ? help  "
