---
source: crates/brokkr-cli/src/tui/snapshot_tests.rs
---
" 1 alpha   2 beta                                                               "
"┌runs──────────────────────────────────────────────────────────────────────────┐"
"│needs you                                                                     │"
"│? quarantined does not fold           a run whose…      —       run-unfoldable│"
"│                                      quarantined:…                           │"
"│running                                                                       │"
"│◐ design                              one derivation,…  6m58s   run-7         │"
"│◐ design                              an older feature  7m03s   run-old       │"
"│                                                                              │"
"│                                                                              │"
"│                                                                              │"
"│                                                                              │"
"│                                                                              │"
"│                                                                              │"
"│                                                                              │"
"│                                                                              │"
"│                                                                              │"
"└──────────────────────────────────────────────────────────────────────────────┘"
"runs · realm beta                                                               "
"↑↓/jk move · Enter open run · Tab detail ≥225 · a all runs · / filter · ? help  "
