---
source: crates/brokkr-cli/src/tui/snapshot_tests.rs
---
"┌runs─────────────────────────────────────────────────────────────────────────────────────────────────────────────────────────────┐┌dashboard────────────────────────────────────────────────────────────────────────────────────────────────────────────────────────┐┌findings · reviewer────────────────────────────────────────────────────────────────────────────────────────────┐"
"│needs you                                                                                                                        ││Landing 4 of the fleet view                                                                                                      ││reviewer · succeeded · result residual                                                                         │"
"│! stale                               LANDING PR #420: the fleet lists who must act first                  168h07m landi…9d8c7b6a││landing-4-of-the-fleet-2a3b4c5d                                                                                                  ││landing-4-of-the-fleet-2a3b4c5d seq 40 · review · max_residual_severity: low                                   │"
"│                                      stale: no event since 116h07m; resume or conclude                                          ││shipped · done · 7m03s                                                                                                           ││                                                                                                               │"
"│? quarantined does not fold           A journal that does not fold                                         7m03s   journ…7f8e9d0c││                                                                                                                                 ││Residual: low. The narrowing itself is right: the exemption now names one crate at one version instead of the  │"
"│                                      quarantined: export and inspect                                                            ││WHY IT ENDED                                                                                                                     ││wildcard it replaced, and the deny job fails on any other. One nit: the comment above the exemption still says │"
"│● parked      UNVERIFIED-SE… high     #362 cargo exemption                                                 7m03s   cargo…5b6c7d8e││verdict   COMPLETE · residual low                                                                                                ││'temporary' without naming the issue that removes it.                                                          │"
"│running                                                                                                                          ││rule      SHIP-COMPLETE · normal · ship → done                                                                                   ││Nothing else stands in the way of the ship.                                                                    │"
"│◐ review                              #403 macOS fix, round 9: PR #483's test (macos-latest) job fails…    7m03s   fix-4…3c1f9a02││seat      shipper · succeeded · result complete                                                                                  ││                                                                                                               │"
"│◐ triage                              0065 rebuild unit 20                                                 7m03s   0065-…1c2d3e4f││notes                                                                                                                            ││                                                                                                               │"
"│last 24h                                                                                                                         ││Merged.                                                                                                                          ││                                                                                                               │"
"│✓ shipped     COMPLETE                Landing 5 of the fleet view                                          7m03s   landi…6e7f8a9b││landing-4-of-the-fleet-2a3b4c5d seq 40 · review · max_residual_severity: low                                                     ││                                                                                                               │"
"│✓ shipped     COMPLETE       low      Landing 4 of the fleet view                                          7m03s   landi…2a3b4c5d││                                                                                                                                 ││                                                                                                               │"
"│✗ stopped     FAIL-EXHAUSTED          0065 rebuild unit 19                                                 7m03s   0065-…8c9d0e1f││PATH                                                                                                                             ││                                                                                                               │"
"│older                                                                                                                            ││implement ✓ 1m00s (claude-opus-5-5) → review ◆ low 3m00s (claude-opus-5-5) → ship ✓ 1m00s (claude-opus-5-5)                      ││                                                                                                               │"
"│✗ stopped     BLOCKED                 Unit 18 of the rebuild: the smith hit a permission wall              48h00m  unit-…4e5f6a7b││                                                                                                                                 ││                                                                                                               │"
"│✓ shipped     COMPLETE                Landing 2 of the fleet view                                          48h00m  landi…0a1b2c3d││SEATS                                                                                                                            ││                                                                                                               │"
"│                                                                                                                                 ││implementer · claude-opus-5-5 · 1 attempt · $0.5000                                                                              ││                                                                                                               │"
"│                                                                                                                                 ││reviewer · claude-opus-5-5 · 1 attempt · $0.5000                                                                                 ││                                                                                                               │"
"│                                                                                                                                 ││shipper · claude-opus-5-5 · 1 attempt · $0.5000                                                                                  ││                                                                                                               │"
"│                                                                                                                                 ││                                                                                                                                 ││                                                                                                               │"
"│                                                                                                                                 ││WAY OUT                                                                                                                          ││                                                                                                               │"
"│                                                                                                                                 ││—                                                                                                                                ││                                                                                                               │"
"│                                                                                                                                 ││                                                                                                                                 ││                                                                                                               │"
"│                                                                                                                                 ││COMMISSION                                                                                                                       ││                                                                                                               │"
"│                                                                                                                                 ││Landing 4 of the fleet view                                                                                                      ││                                                                                                               │"
"│                                                                                                                                 ││                                                                                                                                 ││                                                                                                               │"
"│                                                                                                                                 ││                                                                                                                                 ││                                                                                                               │"
"│                                                                                                                                 ││                                                                                                                                 ││                                                                                                               │"
"│                                                                                                                                 ││                                                                                                                                 ││                                                                                                               │"
"│                                                                                                                                 ││                                                                                                                                 ││                                                                                                               │"
"│                                                                                                                                 ││                                                                                                                                 ││                                                                                                               │"
"│                                                                                                                                 ││                                                                                                                                 ││                                                                                                               │"
"│                                                                                                                                 ││                                                                                                                                 ││                                                                                                               │"
"│                                                                                                                                 ││                                                                                                                                 ││                                                                                                               │"
"│                                                                                                                                 ││                                                                                                                                 ││                                                                                                               │"
"│                                                                                                                                 ││                                                                                                                                 ││                                                                                                               │"
"│                                                                                                                                 ││                                                                                                                                 ││                                                                                                               │"
"│                                                                                                                                 ││                                                                                                                                 ││                                                                                                               │"
"│                                                                                                                                 ││                                                                                                                                 ││                                                                                                               │"
"│                                                                                                                                 ││                                                                                                                                 ││                                                                                                               │"
"│                                                                                                                                 ││                                                                                                                                 ││                                                                                                               │"
"│                                                                                                                                 ││                                                                                                                                 ││                                                                                                               │"
"│                                                                                                                                 ││                                                                                                                                 ││                                                                                                               │"
"│                                                                                                                                 ││                                                                                                                                 ││                                                                                                               │"
"│                                                                                                                                 ││                                                                                                                                 ││                                                                                                               │"
"│                                                                                                                                 ││                                                                                                                                 ││                                                                                                               │"
"│                                                                                                                                 ││                                                                                                                                 ││                                                                                                               │"
"│                                                                                                                                 ││                                                                                                                                 ││                                                                                                               │"
"│                                                                                                                                 ││                                                                                                                                 ││                                                                                                               │"
"│                                                                                                                                 ││                                                                                                                                 ││                                                                                                               │"
"│                                                                                                                                 ││                                                                                                                                 ││                                                                                                               │"
"│                                                                                                                                 ││                                                                                                                                 ││                                                                                                               │"
"│                                                                                                                                 ││                                                                                                                                 ││                                                                                                               │"
"│                                                                                                                                 ││                                                                                                                                 ││                                                                                                               │"
"│                                                                                                                                 ││                                                                                                                                 ││                                                                                                               │"
"│                                                                                                                                 ││                                                                                                                                 ││                                                                                                               │"
"│                                                                                                                                 ││                                                                                                                                 ││                                                                                                               │"
"│                                                                                                                                 ││                                                                                                                                 ││                                                                                                               │"
"│                                                                                                                                 ││                                                                                                                                 ││                                                                                                               │"
"│                                                                                                                                 ││                                                                                                                                 ││                                                                                                               │"
"│                                                                                                                                 ││                                                                                                                                 ││                                                                                                               │"
"│                                                                                                                                 ││                                                                                                                                 ││                                                                                                               │"
"│                                                                                                                                 ││                                                                                                                                 ││                                                                                                               │"
"│                                                                                                                                 ││                                                                                                                                 ││                                                                                                               │"
"│                                                                                                                                 ││                                                                                                                                 ││                                                                                                               │"
"│                                                                                                                                 ││                                                                                                                                 ││                                                                                                               │"
"│                                                                                                                                 ││                                                                                                                                 ││                                                                                                               │"
"│                                                                                                                                 ││                                                                                                                                 ││                                                                                                               │"
"│                                                                                                                                 ││                                                                                                                                 ││                                                                                                               │"
"│                                                                                                                                 ││                                                                                                                                 ││                                                                                                               │"
"│                                                                                                                                 ││                                                                                                                                 ││                                                                                                               │"
"│                                                                                                                                 ││                                                                                                                                 ││                                                                                                               │"
"│                                                                                                                                 ││                                                                                                                                 ││                                                                                                               │"
"│                                                                                                                                 ││                                                                                                                                 ││                                                                                                               │"
"│                                                                                                                                 ││                                                                                                                                 ││                                                                                                               │"
"│                                                                                                                                 ││                                                                                                                                 ││                                                                                                               │"
"│                                                                                                                                 ││                                                                                                                                 ││                                                                                                               │"
"│                                                                                                                                 ││                                                                                                                                 ││                                                                                                               │"
"│                                                                                                                                 ││                                                                                                                                 ││                                                                                                               │"
"│                                                                                                                                 ││                                                                                                                                 ││                                                                                                               │"
"│                                                                                                                                 ││                                                                                                                                 ││                                                                                                               │"
"│                                                                                                                                 ││                                                                                                                                 ││                                                                                                               │"
"│                                                                                                                                 ││                                                                                                                                 ││                                                                                                               │"
"│                                                                                                                                 ││                                                                                                                                 ││                                                                                                               │"
"└─────────────────────────────────────────────────────────────────────────────────────────────────────────────────────────────────┘└─────────────────────────────────────────────────────────────────────────────────────────────────────────────────────────────────┘└───────────────────────────────────────────────────────────────────────────────────────────────────────────────┘"
"runs                                                                                                                                                                                                                                                                                                                                                                                   "
"↑↓/jk move · Enter open run · Tab dashboard · d hide dashboard · f hide findings · c commission · a all runs · g/G top/bottom · / filter · r refresh · ? help · q quit                                                                                                                                                                                                                 "
