---
source: crates/brokkr-cli/src/tui/snapshot_tests.rs
---
"┌seat──────────────────────────────────────────────────────────────────────────────────────────────────────────────────────────────────────────────────────────┐"
"│intake · succeeded                                                                                                                                            │"
"│terminal  effect/succeeded · 2026-01-01T00:02:03Z                                                                                                             │"
"│transcript  claude-session · abcd-1234 · home /home/operator/.claude/projects                                                                                 │"
"│full session: claude --resume abcd-1234                                                                                                                       │"
"│selected by  —                                                                                                                                                │"
"│model     — (claimed) · boundary —                                                                                                                            │"
"└──────────────────────────────────────────────────────────────────────────────────────────────────────────────────────────────────────────────────────────────┘"
"┌checkpoints───────────────────────────────────────────────────────────────────────────────────────────────────────────────────────────────────────────────────┐"
"│3  Read  model —  boundary —  effort —  tokens —  docs/decisions/0014-interactive-tui.md  2026-01-01T00:00:00Z                                                │"
"│—  claude-session-finished  model —  boundary —  effort —  tokens —  —  2026-01-01T00:00:05Z                                                                  │"
"│                                                                                                                                                              │"
"│                                                                                                                                                              │"
"│                                                                                                                                                              │"
"│                                                                                                                                                              │"
"│                                                                                                                                                              │"
"│                                                                                                                                                              │"
"│                                                                                                                                                              │"
"│                                                                                                                                                              │"
"│                                                                                                                                                              │"
"│                                                                                                                                                              │"
"│                                                                                                                                                              │"
"│                                                                                                                                                              │"
"│                                                                                                                                                              │"
"│                                                                                                                                                              │"
"│                                                                                                                                                              │"
"└──────────────────────────────────────────────────────────────────────────────────────────────────────────────────────────────────────────────────────────────┘"
"┌transcript────────────────────────────────────────────────────────────────────────────────────────────────────────────────────────────────────────────────────┐"
"│reference  claude-session · abcd-1234 · /home/operator/.claude/projects                                                                                       │"
"│reason     not-found                                                                                                                                          │"
"│no retained transcript file was found for the selected reference                                                                                              │"
"│path       —                                                                                                                                                  │"
"│full session: claude --resume abcd-1234                                                                                                                       │"
"│counts     skipped 0 · unrecognized 0                                                                                                                         │"
"│                                                                                                                                                              │"
"│                                                                                                                                                              │"
"│                                                                                                                                                              │"
"│                                                                                                                                                              │"
"│                                                                                                                                                              │"
"│                                                                                                                                                              │"
"│                                                                                                                                                              │"
"│                                                                                                                                                              │"
"│                                                                                                                                                              │"
"│                                                                                                                                                              │"
"│                                                                                                                                                              │"
"└──────────────────────────────────────────────────────────────────────────────────────────────────────────────────────────────────────────────────────────────┘"
"runs · run run-7 · seat eff-i · scoped eff-i                                                                                                                    "
"↑↓/jk scroll · g/G top/bottom · Tab pane · Esc back · / filter · r refresh · ? help · q quit                                                                    "
