---
source: crates/brokkr-cli/src/tui/snapshot_tests.rs
---
"┌row · Esc closes──────────────────────────────────────────────────────────────┐"
"│seq 1  run/started  2026-01-01T00:00:00Z                                      │"
"│                                                                              │"
"│one derivation, three surfaces…                                               │"
"│                                                                              │"
"│payload                                                                       │"
"│{"feature":"one derivation, three surfaces"}                                  │"
"│                                                                              │"
"│                                                                              │"
"│                                                                              │"
"│                                                                              │"
"│                                                                              │"
"│                                                                              │"
"│                                                                              │"
"│                                                                              │"
"│                                                                              │"
"│                                                                              │"
"│                                                                              │"
"│                                                                              │"
"└──────────────────────────────────────────────────────────────────────────────┘"
